developer@developer:~/Documentos$ ls -ltr
total 12
drwxr-xr-x 14 developer developer 4096 fev 16  2017 php-5.6.30
drwxr-xr-x  3 developer developer 4096 jul 15 09:45 Dani_Ornelas
drwxr-xr-x  4 developer developer 4096 jul 15 17:27 4Linux_Python
developer@developer:~/Documentos$ cd 4Linux_Python/
developer@developer:~/Documentos/4Linux_Python$ ls -ltr
total 4
drwxr-xr-x 3 developer developer 4096 jul 15 17:27 aula_1
developer@developer:~/Documentos/4Linux_Python$ ls -ltr ../Dani_Ornelas/
total 4
drwxr-xr-x 3 developer developer 4096 jul 15 15:02 aula_1
developer@developer:~/Documentos/4Linux_Python$ ls -a
.  ..  aula_1  .git
developer@developer:~/Documentos/4Linux_Python$ mv aula_1/ aula1
developer@developer:~/Documentos/4Linux_Python$ mv ../Dani_Ornelas/aula_1/ ../Dani_Ornelas/aula1
developer@developer:~/Documentos/4Linux_Python$ ls -ltr
total 4
drwxr-xr-x 3 developer developer 4096 jul 15 17:27 aula1
developer@developer:~/Documentos/4Linux_Python$ ls -ltr ../Dani_Ornelas/
total 4
drwxr-xr-x 3 developer developer 4096 jul 15 15:02 aula1
developer@developer:~/Documentos/4Linux_Python$ clear

developer@developer:~/Documentos/4Linux_Python$ ls
aula1
developer@developer:~/Documentos/4Linux_Python$ git status
On branch master

Initial commit

Untracked files:
  (use "git add <file>..." to include in what will be committed)

	aula1/

nothing added to commit but untracked files present (use "git add" to track)
developer@developer:~/Documentos/4Linux_Python$ git add .
developer@developer:~/Documentos/4Linux_Python$ git status
On branch master

Initial commit

Changes to be committed:
  (use "git rm --cached <file>..." to unstage)

	new file:   aula1/exercicios/exercio01.1.py
	new file:   aula1/exercicios/exercio01.py
	new file:   aula1/exercicios/exercio02.py
	new file:   aula1/listas01.py
	new file:   aula1/loop01.py
	new file:   aula1/ola.py

developer@developer:~/Documentos/4Linux_Python$ ls -a .git/
.  ..  branches  config  description  HEAD  hooks  index  info  objects  refs
developer@developer:~/Documentos/4Linux_Python$ git config --list
user.name=leonardo.mendes@4linux.com.br
user.email=leonardo.mendes@4linux.com.br
core.repositoryformatversion=0
core.filemode=true
core.bare=false
core.logallrefupdates=true
remote.origin.url=https://github.com/DanieleOrnelas/4Linux_Python.git
remote.origin.fetch=+refs/heads/*:refs/remotes/origin/*
branch.master.remote=origin
branch.master.merge=refs/heads/master
developer@developer:~/Documentos/4Linux_Python$ git config --global user.name "Daniele Ornelas"
developer@developer:~/Documentos/4Linux_Python$ git config --global user.email  "daniele.ornelas@gmail.com"
developer@developer:~/Documentos/4Linux_Python$ git config --list
user.name=Daniele Ornelas
user.email=daniele.ornelas@gmail.com
core.repositoryformatversion=0
core.filemode=true
core.bare=false
core.logallrefupdates=true
remote.origin.url=https://github.com/DanieleOrnelas/4Linux_Python.git
remote.origin.fetch=+refs/heads/*:refs/remotes/origin/*
branch.master.remote=origin
branch.master.merge=refs/heads/master
developer@developer:~/Documentos/4Linux_Python$ git status
On branch master

Initial commit

Changes to be committed:
  (use "git rm --cached <file>..." to unstage)

	new file:   aula1/exercicios/exercio01.1.py
	new file:   aula1/exercicios/exercio01.py
	new file:   aula1/exercicios/exercio02.py
	new file:   aula1/listas01.py
	new file:   aula1/loop01.py
	new file:   aula1/ola.py

developer@developer:~/Documentos/4Linux_Python$ git comit -m "Primeiro Comit"
git: 'comit' is not a git command. See 'git --help'.

Did you mean this?
	commit
developer@developer:~/Documentos/4Linux_Python$ git commit -m "Primeiro Comit"
[master (root-commit) 13e3206] Primeiro Comit
 6 files changed, 434 insertions(+)
 create mode 100755 aula1/exercicios/exercio01.1.py
 create mode 100755 aula1/exercicios/exercio01.py
 create mode 100755 aula1/exercicios/exercio02.py
 create mode 100755 aula1/listas01.py
 create mode 100755 aula1/loop01.py
 create mode 100755 aula1/ola.py
developer@developer:~/Documentos/4Linux_Python$ git push -u origin master
Username for 'https://github.com': DanieleOrnelas
Password for 'https://DanieleOrnelas@github.com': 
Counting objects: 10, done.
Delta compression using up to 2 threads.
Compressing objects: 100% (9/9), done.
Writing objects: 100% (10/10), 5.95 KiB | 0 bytes/s, done.
Total 10 (delta 0), reused 0 (delta 0)
To https://github.com/DanieleOrnelas/4Linux_Python.git
 * [new branch]      master -> master
Branch master set up to track remote branch master from origin.
developer@developer:~/Documentos/4Linux_Python$ 
